// Jest Snapshot v1, https://goo.gl/fbAQLP

exports[`snapshot SectionRules Component 1`] = `
<SectionRules
  competitions={
    Array [
      Object {
        "id": 3,
        "kind": "open",
        "name": "Лучшее оформление фасада",
      },
      Object {
        "id": 4,
        "kind": "open",
        "name": "Лучшее оформление дворовой территории",
      },
      Object {
        "id": 5,
        "kind": "open",
        "name": "Лучшее оформление прилегающей территории для организаций и предприятий",
      },
      Object {
        "id": 6,
        "kind": "open",
        "name": "Самая оригинальная цветочная композиция",
      },
      Object {
        "id": 7,
        "kind": "open",
        "name": "Лучшее оформление территории, прилегающей к образовательному учреждению",
      },
      Object {
        "id": 10,
        "kind": "open",
        "name": "Лучший цветочный кадр в городской среде",
      },
    ]
  }
>
  <section>
    <RuleText>
      <div
        className="col-md-10 rules"
      >
        <h2
          className="section_title"
        >
          ДАВАЙТЕ УКРАСИМ КАЗАНЬ ВМЕСТЕ!
        </h2>
        <p
          className="section_text"
        >
          Преследуя важную задачу вовлечения населения в процесс благоустройства и озеленения нашего города, мы приглашаем Вас принять участие в конкурсе «Цветущая Казань» и вместе с нами преобразить и украсить нашу столицу.
        </p>
        <p
          className="section_text"
        >
          Вам предоставляется возможность своими руками, проявив фантазию и воображение, создать красивую фасадную композицию, будь то клумба, палисадник или цветочное оформление территории. Также Вы можете применить свое фото-мастерство и оригинальность и участвовать в данном конкурсе в категории «Лучший цветочный кадр».
        </p>
      </div>
      <div
        className="col-md-10 rules"
      >
        <h2
          className="section_title"
        >
          ПРАВИЛА КОНКУРСА
        </h2>
        <p
          className="section_text"
        >
          Из перечня всех предлагаемых номинаций, находящихся на нашем сайте, Вы сможете выбрать любую, которая Вам по душе и непосредственно подходящую для Ваших условий, места проживания и территориального расположения. Далее Вам будет необходимо выполнить соответствующие действия для создания композиции или цветочного оформления, сделать несколько фотографий своего готового объекта и прикрепить к
           
          <a
            href="/#section-send-request"
          >
            заявке участника
          </a>
          , которую также можно найти на сайте нашего конкурса. После одобрения конкурсной комиссией заявки, за неё можно будет проголосовать, но вносить в неё изменения будет уже невозможно.
        </p>
        <p
          className="section_text"
        >
          Оценка участников будет осуществляется посредством народного голосования, главным жюри которого станут жители и гости города Казань. Вы сможете отслеживать количество набранных Вами голосов и всегда быть в курсе происходящего.
        </p>
        <p
          className="section_text"
        >
          Стоит отметить, что участниками Конкурса, помимо жителей Казани, могут стать разного рода предприятия, организации, а также учреждения различных организационно-правовых форм. Словом – все те, кто хочет внести свой бесценный вклад в улучшение внешнего облика нашего города.
        </p>
        <p
          className="section_text"
        >
          Подводить итоги голосования будет городская конкурсная комиссия, которая и определит впоследствии победителей конкурса. Авторы лучших работ станут обладателями ценных призов и подарков. Желаем успехов!
        </p>
      </div>
    </RuleText>
    <div
      className="row rules_shedule"
    >
      <div
        className="col-md-10 shedule_svg"
      >
        <img
          alt="shedule"
          className="img-fluid"
          src="../../images/shedule_svg.svg"
        />
      </div>
    </div>
    <div
      className="row rules_nominations"
    >
      <div
        className="col-md-10 nominations"
      >
        <h3
          className="nomination_subtitle"
        >
          Конкурс проводится по следующим номинациям:
        </h3>
        <div
          className="row"
        >
          <div
            className="col-md-6 rules_nominations_wrapper"
            key="3"
          >
            <span
              className="nominations_list"
            >
              Лучшее оформление фасада
            </span>
          </div>
          <div
            className="col-md-6 rules_nominations_wrapper"
            key="4"
          >
            <span
              className="nominations_list"
            >
              Лучшее оформление дворовой территории
            </span>
          </div>
          <div
            className="col-md-6 rules_nominations_wrapper"
            key="5"
          >
            <span
              className="nominations_list"
            >
              Лучшее оформление прилегающей территории для организаций и предприятий
            </span>
          </div>
          <div
            className="col-md-6 rules_nominations_wrapper"
            key="6"
          >
            <span
              className="nominations_list"
            >
              Самая оригинальная цветочная композиция
            </span>
          </div>
          <div
            className="col-md-6 rules_nominations_wrapper"
            key="7"
          >
            <span
              className="nominations_list"
            >
              Лучшее оформление территории, прилегающей к образовательному учреждению
            </span>
          </div>
          <div
            className="col-md-6 rules_nominations_wrapper"
            key="10"
          >
            <span
              className="nominations_list"
            >
              Лучший цветочный кадр в городской среде
            </span>
          </div>
        </div>
      </div>
      <hr />
    </div>
    <div
      className="row rules_promo"
    >
      <div
        className="col-md-6 promo"
      >
        <h3>
          Оценка участников Конкурса по соответствующим номинациям осуществляется народным голосованием среди жителей и гостей города Казань
        </h3>
      </div>
    </div>
  </section>
</SectionRules>
`;
