// Jest Snapshot v1, https://goo.gl/fbAQLP

exports[`snapshot for Pagination Component 1`] = `
<Pagination
  current={2}
  onPageChange={[MockFunction]}
  pageRange={1}
  perPage={5}
  total={25}
>
  <div
    className="pagination"
  >
    <div
      className="pagination__left"
    >
      <span
        className=""
        onClick={[Function]}
      >
        Предыдущая
      </span>
    </div>
    <div
      className="pagination__mid"
    >
      <ul>
        <li
          className="hidden_page_numbers"
        >
          <span
            onClick={[Function]}
          >
            1
          </span>
        </li>
        <li
          className="hidden_page_numbers"
        >
          ...
        </li>
        <li
          key="0"
        >
          <span
            className=""
            onClick={[Function]}
          >
            1
          </span>
        </li>
        <li
          key="1"
        >
          <span
            className="current"
            onClick={[Function]}
          >
            2
          </span>
        </li>
        <li
          key="2"
        >
          <span
            className=""
            onClick={[Function]}
          >
            3
          </span>
        </li>
        <li
          className=""
        >
          ...
        </li>
        <li
          className=""
        >
          <span
            onClick={[Function]}
          >
            25
          </span>
        </li>
      </ul>
    </div>
    <div
      className="pagination__right"
    >
      <span
        className=""
        onClick={[Function]}
      >
        Следующая
      </span>
    </div>
  </div>
</Pagination>
`;
